Cache size                    : 3072
Block size                    : 6
Associativity                 : 1
Read only ports               : 0
Write only ports              : 0
Read write ports              : 1
Single ended read ports       : 0
Cache banks (UCA)             : 1
Technology                    : 0.09
Temperature                   : 360
Tag size                      : 42
array type                    : Scratch RAM
Model as memory               : 0
Model as 3D memory       	 : 0
Access mode                   : 0
Data array cell type          : 0
Data array peripheral type    : 0
Tag array cell type           : 0
Tag array peripheral type     : 0
Optimization target           : 0
Design objective (UCA wt)     : 0 0 0 0 100
Design objective (UCA dev)    : 100000 100000 100000 100000 100000
Cache model                   : 0
Nuca bank                     : 0
Wire inside mat               : 1
Wire outside mat              : 1
Interconnect projection       : 1
Wire signaling               : 1
Print level                   : 0
ECC overhead                  : 0
Page size                     : 8192
Burst length                  : 8
Internal prefetch width       : 8
Force cache config            : 0
Subarray Driver direction       : 1
iostate                       : WRITE
dram_ecc                      : NO_ECC
io_type                     : DDR3
dram_dimm                      : UDIMM
IO Area (sq.mm) = inf
IO Timing Margin (ps) = -14.1667
IO Votlage Margin (V) = 0.155
IO Dynamic Power (mW) = 1506.36 PHY Power (mW) = 232.752 PHY Wakeup Time (us) = 27.503
IO Termination and Bias Power (mW) = 2505.96

---------- CACTI (version 7.0.3DD Prerelease of Aug, 2012), Uniform Cache Access SRAM Model ----------

Cache Parameters:
    Total cache size (bytes): 3072
    Number of banks: 1
    Associativity: direct mapped
    Block size (bytes): 6
    Read/write Ports: 1
    Read ports: 0
    Write ports: 0
    Technology size (nm): 90

    Access time (ns): 0.677369
    Cycle time (ns):  0.520891
    Total dynamic read energy per access (nJ): 0.00717664
    Total dynamic write energy per access (nJ): 0.0124518
    Total leakage power of a bank (mW): 1.25397
    Total gate leakage power of a bank (mW): 0.117553
    Cache height x width (mm): 0.398051 x 0.0945642

    Best Ndwl : 2
    Best Ndbl : 2
    Best Nspd : 1.875
    Best Ndcm : 1
    Best Ndsam L1 : 4
    Best Ndsam L2 : 1

    Data array, H-tree wire type: Global wires with 30% delay penalty
top 3 best memory configurations are:
Memory    cap: 80 GB num_bobs: 1 bw: 533 (MHz) cost: $731.2 energy: 32.6101 (nJ) 
 {
 (0)  BoB       cap: 80 GB num_channels: 1 bw: 533 (MHz) cost: $731.2 energy: 32.6101 (nJ) 
    ==============
    (0) cap: 80 GB bw: 533 (MHz) cost: $731.2 dpc: 3 energy: 32.6101 (nJ)  DIMM:  RDIMM  low power: F [ 0(4GB) 0(8GB) 1(16GB) 2(32GB) 0(64GB) ]
    ==============

 }

=============================================

